Archive member included to satisfy reference by file (symbol)

/opt/devkitpro/libgba/lib/libgba.a(interrupt.o)
                              example_02.o (irqInit)
/opt/devkitpro/libgba/lib/libgba.a(InterruptDispatcher.o)
                              /opt/devkitpro/libgba/lib/libgba.a(interrupt.o) (IntrMain)
/opt/devkitpro/devkitARM/bin/../lib/gcc/arm-none-eabi/10.2.0/../../../../arm-none-eabi/lib/thumb/libg.a(lib_a-init.o)
                              /opt/devkitpro/devkitARM/bin/../lib/gcc/arm-none-eabi/10.2.0/../../../../arm-none-eabi/lib/thumb/gba_crt0.o (__libc_init_array)
/opt/devkitpro/devkitARM/bin/../lib/gcc/arm-none-eabi/10.2.0/../../../../arm-none-eabi/lib/thumb/libsysbase.a(malloc_vars.o)
                              /opt/devkitpro/devkitARM/bin/../lib/gcc/arm-none-eabi/10.2.0/../../../../arm-none-eabi/lib/thumb/gba_crt0.o (fake_heap_end)

Allocating common symbols
Common symbol       size              file

IntrTable           0x78              /opt/devkitpro/libgba/lib/libgba.a(interrupt.o)

Discarded input sections

 .text          0x0000000000000000        0x0 /opt/devkitpro/devkitARM/bin/../lib/gcc/arm-none-eabi/10.2.0/../../../../arm-none-eabi/lib/thumb/gba_crt0.o
 .data          0x0000000000000000        0x0 /opt/devkitpro/devkitARM/bin/../lib/gcc/arm-none-eabi/10.2.0/../../../../arm-none-eabi/lib/thumb/gba_crt0.o
 .bss           0x0000000000000000        0x0 /opt/devkitpro/devkitARM/bin/../lib/gcc/arm-none-eabi/10.2.0/../../../../arm-none-eabi/lib/thumb/gba_crt0.o
 .text          0x0000000000000000        0x0 /opt/devkitpro/devkitARM/bin/../lib/gcc/arm-none-eabi/10.2.0/thumb/crti.o
 .data          0x0000000000000000        0x0 /opt/devkitpro/devkitARM/bin/../lib/gcc/arm-none-eabi/10.2.0/thumb/crti.o
 .bss           0x0000000000000000        0x0 /opt/devkitpro/devkitARM/bin/../lib/gcc/arm-none-eabi/10.2.0/thumb/crti.o
 .text          0x0000000000000000        0x0 /opt/devkitpro/devkitARM/bin/../lib/gcc/arm-none-eabi/10.2.0/thumb/crtbegin.o
 .data          0x0000000000000000        0x0 /opt/devkitpro/devkitARM/bin/../lib/gcc/arm-none-eabi/10.2.0/thumb/crtbegin.o
 .bss           0x0000000000000000        0x0 /opt/devkitpro/devkitARM/bin/../lib/gcc/arm-none-eabi/10.2.0/thumb/crtbegin.o
 .data.__dso_handle
                0x0000000000000000        0x4 /opt/devkitpro/devkitARM/bin/../lib/gcc/arm-none-eabi/10.2.0/thumb/crtbegin.o
 .text          0x0000000000000000        0x0 example_02.o
 .data          0x0000000000000000        0x0 example_02.o
 .bss           0x0000000000000000        0x0 example_02.o
 .data          0x0000000000000000        0x0 /opt/devkitpro/libgba/lib/libgba.a(interrupt.o)
 .bss           0x0000000000000000        0x0 /opt/devkitpro/libgba/lib/libgba.a(interrupt.o)
 .text          0x0000000000000000        0x0 /opt/devkitpro/libgba/lib/libgba.a(InterruptDispatcher.o)
 .data          0x0000000000000000        0x0 /opt/devkitpro/libgba/lib/libgba.a(InterruptDispatcher.o)
 .bss           0x0000000000000000        0x0 /opt/devkitpro/libgba/lib/libgba.a(InterruptDispatcher.o)
 .text          0x0000000000000000        0x0 /opt/devkitpro/devkitARM/bin/../lib/gcc/arm-none-eabi/10.2.0/../../../../arm-none-eabi/lib/thumb/libg.a(lib_a-init.o)
 .data          0x0000000000000000        0x0 /opt/devkitpro/devkitARM/bin/../lib/gcc/arm-none-eabi/10.2.0/../../../../arm-none-eabi/lib/thumb/libg.a(lib_a-init.o)
 .bss           0x0000000000000000        0x0 /opt/devkitpro/devkitARM/bin/../lib/gcc/arm-none-eabi/10.2.0/../../../../arm-none-eabi/lib/thumb/libg.a(lib_a-init.o)
 .text          0x0000000000000000        0x0 /opt/devkitpro/devkitARM/bin/../lib/gcc/arm-none-eabi/10.2.0/../../../../arm-none-eabi/lib/thumb/libsysbase.a(malloc_vars.o)
 .data          0x0000000000000000        0x0 /opt/devkitpro/devkitARM/bin/../lib/gcc/arm-none-eabi/10.2.0/../../../../arm-none-eabi/lib/thumb/libsysbase.a(malloc_vars.o)
 .bss           0x0000000000000000        0x0 /opt/devkitpro/devkitARM/bin/../lib/gcc/arm-none-eabi/10.2.0/../../../../arm-none-eabi/lib/thumb/libsysbase.a(malloc_vars.o)
 .bss.fake_heap_start
                0x0000000000000000        0x4 /opt/devkitpro/devkitARM/bin/../lib/gcc/arm-none-eabi/10.2.0/../../../../arm-none-eabi/lib/thumb/libsysbase.a(malloc_vars.o)
 .text          0x0000000000000000        0x0 /opt/devkitpro/devkitARM/bin/../lib/gcc/arm-none-eabi/10.2.0/thumb/crtend.o
 .data          0x0000000000000000        0x0 /opt/devkitpro/devkitARM/bin/../lib/gcc/arm-none-eabi/10.2.0/thumb/crtend.o
 .bss           0x0000000000000000        0x0 /opt/devkitpro/devkitARM/bin/../lib/gcc/arm-none-eabi/10.2.0/thumb/crtend.o
 .text          0x0000000000000000        0x0 /opt/devkitpro/devkitARM/bin/../lib/gcc/arm-none-eabi/10.2.0/thumb/crtn.o
 .data          0x0000000000000000        0x0 /opt/devkitpro/devkitARM/bin/../lib/gcc/arm-none-eabi/10.2.0/thumb/crtn.o
 .bss           0x0000000000000000        0x0 /opt/devkitpro/devkitARM/bin/../lib/gcc/arm-none-eabi/10.2.0/thumb/crtn.o

Memory Configuration

Name             Origin             Length             Attributes
rom              0x0000000008000000 0x0000000002000000
iwram            0x0000000003000000 0x0000000000008000
ewram            0x0000000002000000 0x0000000000040000
*default*        0x0000000000000000 0xffffffffffffffff

Linker script and memory map

                0x0000000008000000                __text_start = ORIGIN (rom)
                0x0000000002040000                __eheap_end = (ORIGIN (ewram) + LENGTH (ewram))
                0x0000000003000000                __iwram_start = ORIGIN (iwram)
                0x0000000003008000                __iwram_top = (ORIGIN (iwram) + LENGTH (iwram))
                0x0000000003007fa0                __sp_irq = (__iwram_top - 0x60)
                0x0000000003007f00                __sp_usr = (__sp_irq - 0xa0)
                0x0000000003007ff8                __irq_flags = 0x3007ff8
                0x0000000008000000                . = __text_start

.crt0           0x0000000008000000      0x210
 *(.crt0)
 .crt0          0x0000000008000000      0x210 /opt/devkitpro/devkitARM/bin/../lib/gcc/arm-none-eabi/10.2.0/../../../../arm-none-eabi/lib/thumb/gba_crt0.o
                0x0000000008000000                _start
                0x00000000080000c4                __boot_method
                0x00000000080000c5                __slave_number
                0x00000000080000e0                start_vector
                0x0000000008000210                . = ALIGN (0x4)

.init           0x0000000008000210        0xc
 *(SORT_NONE(.init))
 .init          0x0000000008000210        0x4 /opt/devkitpro/devkitARM/bin/../lib/gcc/arm-none-eabi/10.2.0/thumb/crti.o
                0x0000000008000210                _init
 .init          0x0000000008000214        0x8 /opt/devkitpro/devkitARM/bin/../lib/gcc/arm-none-eabi/10.2.0/thumb/crtn.o

.plt            0x000000000800021c        0x0
 *(.plt)
                0x000000000800021c                . = ALIGN (0x4)

.text           0x000000000800021c      0x4b8
 *(EXCLUDE_FILE(*.iwram*) .text*)
 .text.__do_global_dtors_aux
                0x000000000800021c       0x2c /opt/devkitpro/devkitARM/bin/../lib/gcc/arm-none-eabi/10.2.0/thumb/crtbegin.o
 .text.frame_dummy
                0x0000000008000248       0x24 /opt/devkitpro/devkitARM/bin/../lib/gcc/arm-none-eabi/10.2.0/thumb/crtbegin.o
 .text.startup  0x000000000800026c       0x60 example_02.o
                0x000000000800026c                main
 .text          0x00000000080002cc      0x3b8 /opt/devkitpro/libgba/lib/libgba.a(interrupt.o)
                0x00000000080002cc                dummy
                0x00000000080002d0                InitInterrupt
                0x000000000800032c                irqInit
                0x0000000008000388                SetInterrupt
                0x000000000800046c                irqSet
                0x0000000008000550                EnableInterrupt
                0x000000000800059c                irqEnable
                0x00000000080005ec                DisableInterrupt
                0x0000000008000638                irqDisable
 .text.__libc_init_array
                0x0000000008000684       0x50 /opt/devkitpro/devkitARM/bin/../lib/gcc/arm-none-eabi/10.2.0/../../../../arm-none-eabi/lib/thumb/libg.a(lib_a-init.o)
                0x0000000008000684                __libc_init_array
 *(.gnu.linkonce.t.*)
 *(.text.*personality*)
 *(.gnu.warning)
 *(.glue_7t)
 .glue_7t       0x00000000080006d4        0x0 linker stubs
 *(.glue_7)
 .glue_7        0x00000000080006d4        0x0 linker stubs
 *(.vfp11_veneer)
 .vfp11_veneer  0x00000000080006d4        0x0 linker stubs
                0x00000000080006d4                . = ALIGN (0x4)
                0x00000000080006d4                __text_end = .

.v4_bx          0x00000000080006d4        0x0
 .v4_bx         0x00000000080006d4        0x0 linker stubs

.iplt           0x00000000080006d4        0x0
 .iplt          0x00000000080006d4        0x0 /opt/devkitpro/devkitARM/bin/../lib/gcc/arm-none-eabi/10.2.0/../../../../arm-none-eabi/lib/thumb/gba_crt0.o

.fini           0x00000000080006d4        0xc
 *(.fini)
 .fini          0x00000000080006d4        0x4 /opt/devkitpro/devkitARM/bin/../lib/gcc/arm-none-eabi/10.2.0/thumb/crti.o
                0x00000000080006d4                _fini
 .fini          0x00000000080006d8        0x8 /opt/devkitpro/devkitARM/bin/../lib/gcc/arm-none-eabi/10.2.0/thumb/crtn.o
                0x00000000080006e0                . = ALIGN (0x4)

.rodata         0x00000000080006e0        0x0
 *(.rodata)
 *all.rodata*(*)
 *(.roda)
 *(.rodata.*)
 *(.gnu.linkonce.r*)
                0x00000000080006e0                . = ALIGN (0x4)

.ARM.extab
 *(.ARM.extab* .gnu.linkonce.armextab.*)
                0x00000000080006e0                __exidx_start = .

.ARM.exidx
 *(.ARM.exidx* .gnu.linkonce.armexidx.*)
                0x00000000080006e0                __exidx_end = .

.ctors          0x00000000080006e0        0x0
 *crtbegin.o(.ctors)
 *(EXCLUDE_FILE(*crtend.o) .ctors)
 *(SORT_BY_NAME(.ctors.*))
 *(.ctors)
                0x00000000080006e0                . = ALIGN (0x4)

.dtors          0x00000000080006e0        0x0
 *crtbegin.o(.dtors)
 *(EXCLUDE_FILE(*crtend.o) .dtors)
 *(SORT_BY_NAME(.dtors.*))
 *(.dtors)
                0x00000000080006e0                . = ALIGN (0x4)

.eh_frame       0x00000000080006e0        0x4
 *(.eh_frame)
 .eh_frame      0x00000000080006e0        0x0 /opt/devkitpro/devkitARM/bin/../lib/gcc/arm-none-eabi/10.2.0/thumb/crtbegin.o
 .eh_frame      0x00000000080006e0        0x4 /opt/devkitpro/devkitARM/bin/../lib/gcc/arm-none-eabi/10.2.0/thumb/crtend.o
                0x00000000080006e4                . = ALIGN (0x4)

.gcc_except_table
                0x00000000080006e4        0x0
 *(.gcc_except_table)
                0x00000000080006e4                . = ALIGN (0x4)
                0x00000000080006e4                __iwram_lma = .

.iwram          0x0000000003000000       0xb8 load address 0x00000000080006e4
                0x0000000003000000                __iwram_start__ = ABSOLUTE (.)
 *(.iwram .iwram*)
 .iwram         0x0000000003000000       0xb8 /opt/devkitpro/libgba/lib/libgba.a(InterruptDispatcher.o)
                0x0000000003000000                IntrMain
 *iwram.*(.text* .data*)
                0x00000000030000b8                . = ALIGN (0x4)
                0x00000000030000b8                __iwram_end__ = ABSOLUTE (.)
                0x000000000800079c                __data_lma = (__iwram_lma + SIZEOF (.iwram))

.rel.dyn        0x00000000030000b8        0x0 load address 0x000000000800079c
 .rel.iplt      0x00000000030000b8        0x0 /opt/devkitpro/devkitARM/bin/../lib/gcc/arm-none-eabi/10.2.0/../../../../arm-none-eabi/lib/thumb/gba_crt0.o

.bss            0x00000000030000b8       0x98
                0x00000000030000b8                __bss_start = ABSOLUTE (.)
                0x00000000030000b8                __bss_start__ = ABSOLUTE (.)
 *(.dynbss)
 *(.gnu.linkonce.b*)
 *(.bss*)
 .bss.completed.1
                0x00000000030000b8        0x1 /opt/devkitpro/devkitARM/bin/../lib/gcc/arm-none-eabi/10.2.0/thumb/crtbegin.o
 *fill*         0x00000000030000b9        0x3 
 .bss.object.0  0x00000000030000bc       0x18 /opt/devkitpro/devkitARM/bin/../lib/gcc/arm-none-eabi/10.2.0/thumb/crtbegin.o
 .bss.fake_heap_end
                0x00000000030000d4        0x4 /opt/devkitpro/devkitARM/bin/../lib/gcc/arm-none-eabi/10.2.0/../../../../arm-none-eabi/lib/thumb/libsysbase.a(malloc_vars.o)
                0x00000000030000d4                fake_heap_end
 *(COMMON)
 COMMON         0x00000000030000d8       0x78 /opt/devkitpro/libgba/lib/libgba.a(interrupt.o)
                0x00000000030000d8                IntrTable
                0x0000000003000150                . = ALIGN (0x4)
                0x0000000003000150                __bss_end__ = ABSOLUTE (.)

.data           0x0000000003000150        0x0 load address 0x000000000800079c
                0x0000000003000150                __data_start__ = ABSOLUTE (.)
 *(.data*)
 *(.gnu.linkonce.d*)
                0x0000000003000150                . = ALIGN (0x4)
                0x000000000800079c                __preinit_lma = (__data_lma + SIZEOF (.data))

.igot.plt       0x00000000030000b8        0x0 load address 0x000000000800079c
 .igot.plt      0x00000000030000b8        0x0 /opt/devkitpro/devkitARM/bin/../lib/gcc/arm-none-eabi/10.2.0/../../../../arm-none-eabi/lib/thumb/gba_crt0.o

.preinit_array  0x0000000003000150        0x0 load address 0x000000000800079c
                0x0000000003000150                __preinit_array_start = ABSOLUTE (.)
 *(.preinit_array)
                0x0000000003000150                __preinit_array_end = ABSOLUTE (.)
                0x000000000800079c                __init_lma = (__preinit_lma + SIZEOF (.preinit_array))

.init_array     0x0000000003000150        0x4 load address 0x000000000800079c
                0x0000000003000150                __init_array_start = ABSOLUTE (.)
 *(SORT_BY_NAME(.init_array.*))
 *(.init_array)
 .init_array    0x0000000003000150        0x4 /opt/devkitpro/devkitARM/bin/../lib/gcc/arm-none-eabi/10.2.0/thumb/crtbegin.o
                0x0000000003000154                __init_array_end = ABSOLUTE (.)
                0x00000000080007a0                __fini_lma = (__init_lma + SIZEOF (.init_array))

.fini_array     0x0000000003000154        0x4 load address 0x00000000080007a0
                0x0000000003000154                __fini_array_start = ABSOLUTE (.)
 *(SORT_BY_NAME(.fini_array.*))
 *(.fini_array)
 .fini_array    0x0000000003000154        0x4 /opt/devkitpro/devkitARM/bin/../lib/gcc/arm-none-eabi/10.2.0/thumb/crtbegin.o
                0x0000000003000158                __fini_array_end = ABSOLUTE (.)
                0x00000000080007a4                __jcr_lma = (__fini_lma + SIZEOF (.fini_array))

.jcr            0x0000000003000158        0x0 load address 0x00000000080007a4
 *(.jcr)
                0x0000000003000158                __data_end__ = ABSOLUTE (.)
                0x00000000080007a4                __iwram_overlay_lma = (__jcr_lma + SIZEOF (.jcr))
                0x0000000003000158                __iwram_overlay_start = .

.iwram0         0x0000000003000158        0x0 load address 0x00000000080007a4
 *(.iwram0)
                0x0000000003000158                . = ALIGN (0x4)
                0x00000000080007a4                PROVIDE (__load_start_iwram0 = LOADADDR (.iwram0))
                0x00000000080007a4                PROVIDE (__load_stop_iwram0 = (LOADADDR (.iwram0) + SIZEOF (.iwram0)))

.iwram1         0x0000000003000158        0x0
 *(.iwram1)
                0x0000000003000158                . = ALIGN (0x4)
                [!provide]                        PROVIDE (__load_start_iwram1 = LOADADDR (.iwram1))
                [!provide]                        PROVIDE (__load_stop_iwram1 = (LOADADDR (.iwram1) + SIZEOF (.iwram1)))

.iwram2         0x0000000003000158        0x0
 *(.iwram2)
                0x0000000003000158                . = ALIGN (0x4)
                [!provide]                        PROVIDE (__load_start_iwram2 = LOADADDR (.iwram2))
                [!provide]                        PROVIDE (__load_stop_iwram2 = (LOADADDR (.iwram2) + SIZEOF (.iwram2)))

.iwram3         0x0000000003000158        0x0
 *(.iwram3)
                0x0000000003000158                . = ALIGN (0x4)
                [!provide]                        PROVIDE (__load_start_iwram3 = LOADADDR (.iwram3))
                [!provide]                        PROVIDE (__load_stop_iwram3 = (LOADADDR (.iwram3) + SIZEOF (.iwram3)))

.iwram4         0x0000000003000158        0x0
 *(.iwram4)
                0x0000000003000158                . = ALIGN (0x4)
                [!provide]                        PROVIDE (__load_start_iwram4 = LOADADDR (.iwram4))
                [!provide]                        PROVIDE (__load_stop_iwram4 = (LOADADDR (.iwram4) + SIZEOF (.iwram4)))

.iwram5         0x0000000003000158        0x0
 *(.iwram5)
                0x0000000003000158                . = ALIGN (0x4)
                [!provide]                        PROVIDE (__load_start_iwram5 = LOADADDR (.iwram5))
                [!provide]                        PROVIDE (__load_stop_iwram5 = (LOADADDR (.iwram5) + SIZEOF (.iwram5)))

.iwram6         0x0000000003000158        0x0
 *(.iwram6)
                0x0000000003000158                . = ALIGN (0x4)
                [!provide]                        PROVIDE (__load_start_iwram6 = LOADADDR (.iwram6))
                [!provide]                        PROVIDE (__load_stop_iwram6 = (LOADADDR (.iwram6) + SIZEOF (.iwram6)))

.iwram7         0x0000000003000158        0x0
 *(.iwram7)
                0x0000000003000158                . = ALIGN (0x4)
                [!provide]                        PROVIDE (__load_start_iwram7 = LOADADDR (.iwram7))
                [!provide]                        PROVIDE (__load_stop_iwram7 = (LOADADDR (.iwram7) + SIZEOF (.iwram7)))

.iwram8         0x0000000003000158        0x0
 *(.iwram8)
                0x0000000003000158                . = ALIGN (0x4)
                [!provide]                        PROVIDE (__load_start_iwram8 = LOADADDR (.iwram8))
                [!provide]                        PROVIDE (__load_stop_iwram8 = (LOADADDR (.iwram8) + SIZEOF (.iwram8)))

.iwram9         0x0000000003000158        0x0
 *(.iwram9)
                0x0000000003000158                . = ALIGN (0x4)
                [!provide]                        PROVIDE (__load_start_iwram9 = LOADADDR (.iwram9))
                [!provide]                        PROVIDE (__load_stop_iwram9 = (LOADADDR (.iwram9) + SIZEOF (.iwram9)))
                0x0000000003000158                __iwram_overlay_end = .
                0x00000000080007a4                __ewram_lma = (__iwram_overlay_lma + (__iwram_overlay_end - __iwram_overlay_start))
                0x0000000003000158                __iheap_start = .
                0x0000000002000000                __ewram_start = ORIGIN (ewram)

.ewram          0x0000000002000000        0x0 load address 0x00000000080007a4
 *(.ewram*)
                0x0000000002000000                . = ALIGN (0x4)
                0x0000000002000000                __ewram_end = ABSOLUTE (.)
                0x00000000080007a4                __pad_lma = (__ewram_lma + SIZEOF (.ewram))

.sbss           0x0000000002000000        0x0
                0x0000000002000000                __sbss_start__ = ABSOLUTE (.)
 *(.sbss*)
                0x0000000002000000                . = ALIGN (0x4)
                0x0000000002000000                __sbss_end__ = ABSOLUTE (.)
                0x0000000002000000                __end__ = ABSOLUTE (.)
                0x0000000002000000                __eheap_start = ABSOLUTE (.)

.pad            0x0000000002000000        0x8 load address 0x00000000080007a4
                0x0000000002000000        0x4 LONG 0x52416b64
                0x0000000002000004        0x4 LONG 0x4d
                0x0000000002000008                . = ALIGN (0x4)
                0x00000000080007ac                __rom_end__ = (__pad_lma + SIZEOF (.pad))

.stab
 *(.stab)

.stabstr
 *(.stabstr)

.stab.excl
 *(.stab.excl)

.stab.exclstr
 *(.stab.exclstr)

.stab.index
 *(.stab.index)

.stab.indexstr
 *(.stab.indexstr)

.comment        0x0000000000000000       0x45
 *(.comment)
 .comment       0x0000000000000000       0x23 /opt/devkitpro/devkitARM/bin/../lib/gcc/arm-none-eabi/10.2.0/thumb/crtbegin.o
                                         0x24 (size before relaxing)
 .comment       0x0000000000000023       0x24 example_02.o
 .comment       0x0000000000000023       0x22 /opt/devkitpro/libgba/lib/libgba.a(interrupt.o)
                                         0x23 (size before relaxing)
 .comment       0x0000000000000045       0x24 /opt/devkitpro/devkitARM/bin/../lib/gcc/arm-none-eabi/10.2.0/../../../../arm-none-eabi/lib/thumb/libg.a(lib_a-init.o)
 .comment       0x0000000000000045       0x24 /opt/devkitpro/devkitARM/bin/../lib/gcc/arm-none-eabi/10.2.0/../../../../arm-none-eabi/lib/thumb/libsysbase.a(malloc_vars.o)
 .comment       0x0000000000000045       0x24 /opt/devkitpro/devkitARM/bin/../lib/gcc/arm-none-eabi/10.2.0/thumb/crtend.o

.debug
 *(.debug)

.line
 *(.line)

.debug_srcinfo
 *(.debug_srcinfo)

.debug_sfnames
 *(.debug_sfnames)

.debug_aranges  0x0000000000000000       0x60
 *(.debug_aranges)
 .debug_aranges
                0x0000000000000000       0x20 example_02.o
 .debug_aranges
                0x0000000000000020       0x20 /opt/devkitpro/libgba/lib/libgba.a(interrupt.o)
 .debug_aranges
                0x0000000000000040       0x20 /opt/devkitpro/libgba/lib/libgba.a(InterruptDispatcher.o)

.debug_pubnames
 *(.debug_pubnames)

.debug_info     0x0000000000000000      0x74b
 *(.debug_info)
 .debug_info    0x0000000000000000      0x30a example_02.o
 .debug_info    0x000000000000030a      0x41b /opt/devkitpro/libgba/lib/libgba.a(interrupt.o)
 .debug_info    0x0000000000000725       0x26 /opt/devkitpro/libgba/lib/libgba.a(InterruptDispatcher.o)

.debug_abbrev   0x0000000000000000      0x3b1
 *(.debug_abbrev)
 .debug_abbrev  0x0000000000000000      0x1af example_02.o
 .debug_abbrev  0x00000000000001af      0x1ee /opt/devkitpro/libgba/lib/libgba.a(interrupt.o)
 .debug_abbrev  0x000000000000039d       0x14 /opt/devkitpro/libgba/lib/libgba.a(InterruptDispatcher.o)

.debug_line     0x0000000000000000      0x889
 *(.debug_line)
 .debug_line    0x0000000000000000      0x229 example_02.o
 .debug_line    0x0000000000000229      0x5ae /opt/devkitpro/libgba/lib/libgba.a(interrupt.o)
 .debug_line    0x00000000000007d7       0xb2 /opt/devkitpro/libgba/lib/libgba.a(InterruptDispatcher.o)

.debug_frame    0x0000000000000000       0xe4
 *(.debug_frame)
 .debug_frame   0x0000000000000000       0x34 example_02.o
 .debug_frame   0x0000000000000034       0xb0 /opt/devkitpro/libgba/lib/libgba.a(interrupt.o)

.debug_str      0x0000000000000000      0x57c
 *(.debug_str)
 .debug_str     0x0000000000000000      0x360 example_02.o
                                        0x39d (size before relaxing)
 .debug_str     0x0000000000000360      0x1bc /opt/devkitpro/libgba/lib/libgba.a(interrupt.o)
                                        0x310 (size before relaxing)
 .debug_str     0x000000000000051c       0x60 /opt/devkitpro/libgba/lib/libgba.a(InterruptDispatcher.o)
                                         0xa0 (size before relaxing)

.debug_loc      0x0000000000000000      0x4b9
 *(.debug_loc)
 .debug_loc     0x0000000000000000       0x73 example_02.o
 .debug_loc     0x0000000000000073      0x446 /opt/devkitpro/libgba/lib/libgba.a(interrupt.o)

.debug_macinfo
 *(.debug_macinfo)

.debug_weaknames
 *(.debug_weaknames)

.debug_funcnames
 *(.debug_funcnames)

.debug_typenames
 *(.debug_typenames)

.debug_varnames
 *(.debug_varnames)

.stack          0x0000000000080000        0x0
                0x0000000000080000                _stack = .
 *(.stack)

.note.gnu.arm.ident
 *(.note.gnu.arm.ident)

.ARM.attributes
                0x0000000000000000       0x2c
 *(.ARM.attributes)
 .ARM.attributes
                0x0000000000000000       0x20 /opt/devkitpro/devkitARM/bin/../lib/gcc/arm-none-eabi/10.2.0/../../../../arm-none-eabi/lib/thumb/gba_crt0.o
 .ARM.attributes
                0x0000000000000020       0x1c /opt/devkitpro/devkitARM/bin/../lib/gcc/arm-none-eabi/10.2.0/thumb/crti.o
 .ARM.attributes
                0x000000000000003c       0x2a /opt/devkitpro/devkitARM/bin/../lib/gcc/arm-none-eabi/10.2.0/thumb/crtbegin.o
 .ARM.attributes
                0x0000000000000066       0x2a example_02.o
 .ARM.attributes
                0x0000000000000090       0x2a /opt/devkitpro/libgba/lib/libgba.a(interrupt.o)
 .ARM.attributes
                0x00000000000000ba       0x1a /opt/devkitpro/libgba/lib/libgba.a(InterruptDispatcher.o)
 .ARM.attributes
                0x00000000000000d4       0x2a /opt/devkitpro/devkitARM/bin/../lib/gcc/arm-none-eabi/10.2.0/../../../../arm-none-eabi/lib/thumb/libg.a(lib_a-init.o)
 .ARM.attributes
                0x00000000000000fe       0x30 /opt/devkitpro/devkitARM/bin/../lib/gcc/arm-none-eabi/10.2.0/../../../../arm-none-eabi/lib/thumb/libsysbase.a(malloc_vars.o)
 .ARM.attributes
                0x000000000000012e       0x30 /opt/devkitpro/devkitARM/bin/../lib/gcc/arm-none-eabi/10.2.0/thumb/crtend.o
 .ARM.attributes
                0x000000000000015e       0x1c /opt/devkitpro/devkitARM/bin/../lib/gcc/arm-none-eabi/10.2.0/thumb/crtn.o

/DISCARD/
 *(.note.GNU-stack)
LOAD /opt/devkitpro/devkitARM/bin/../lib/gcc/arm-none-eabi/10.2.0/../../../../arm-none-eabi/lib/thumb/gba_crt0.o
LOAD /opt/devkitpro/devkitARM/bin/../lib/gcc/arm-none-eabi/10.2.0/thumb/crti.o
LOAD /opt/devkitpro/devkitARM/bin/../lib/gcc/arm-none-eabi/10.2.0/thumb/crtbegin.o
LOAD example_02.o
LOAD /opt/devkitpro/libgba/lib/libmm.a
LOAD /opt/devkitpro/libgba/lib/libgba.a
START GROUP
LOAD /opt/devkitpro/devkitARM/bin/../lib/gcc/arm-none-eabi/10.2.0/thumb/libgcc.a
LOAD /opt/devkitpro/devkitARM/bin/../lib/gcc/arm-none-eabi/10.2.0/../../../../arm-none-eabi/lib/thumb/libg.a
LOAD /opt/devkitpro/devkitARM/bin/../lib/gcc/arm-none-eabi/10.2.0/../../../../arm-none-eabi/lib/thumb/libc.a
LOAD /opt/devkitpro/devkitARM/bin/../lib/gcc/arm-none-eabi/10.2.0/../../../../arm-none-eabi/lib/thumb/libsysbase.a
END GROUP
LOAD /opt/devkitpro/devkitARM/bin/../lib/gcc/arm-none-eabi/10.2.0/thumb/crtend.o
LOAD /opt/devkitpro/devkitARM/bin/../lib/gcc/arm-none-eabi/10.2.0/thumb/crtn.o
OUTPUT(/home/craig/Documents/workspace/gba-programming/code/chapter01/example_02/example_02.elf elf32-littlearm)
LOAD linker stubs

.debug_ranges   0x0000000000000000       0xc0
 .debug_ranges  0x0000000000000000       0x50 example_02.o
 .debug_ranges  0x0000000000000050       0x70 /opt/devkitpro/libgba/lib/libgba.a(interrupt.o)
